
 Ansys Mechanical Enterprise                       


 *------------------------------------------------------------------*
 |                                                                  |
 |   W E L C O M E   T O   T H E   A N S Y S (R)  P R O G R A M     |
 |                                                                  |
 *------------------------------------------------------------------*




 ***************************************************************
 *         ANSYS MAPDL 2025 R1          LEGAL NOTICES          *
 ***************************************************************
 *                                                             *
 * Copyright 1971-2025 Ansys, Inc.  All rights reserved.       *
 * Unauthorized use, distribution or duplication is            *
 * prohibited.                                                 *
 *                                                             *
 * Ansys is a registered trademark of Ansys, Inc. or its       *
 * subsidiaries in the United States or other countries.       *
 * See the Ansys, Inc. online documentation or the Ansys, Inc. *
 * documentation CD or online help for the complete Legal      *
 * Notice.                                                     *
 *                                                             *
 ***************************************************************
 *                                                             *
 * THIS ANSYS SOFTWARE PRODUCT AND PROGRAM DOCUMENTATION       *
 * INCLUDE TRADE SECRETS AND CONFIDENTIAL AND PROPRIETARY      *
 * PRODUCTS OF ANSYS, INC., ITS SUBSIDIARIES, OR LICENSORS.    *
 * The software products and documentation are furnished by    *
 * Ansys, Inc. or its subsidiaries under a software license    *
 * agreement that contains provisions concerning               *
 * non-disclosure, copying, length and nature of use,          *
 * compliance with exporting laws, warranties, disclaimers,    *
 * limitations of liability, and remedies, and other           *
 * provisions.  The software products and documentation may be *
 * used, disclosed, transferred, or copied only in accordance  *
 * with the terms and conditions of that software license      *
 * agreement.                                                  *
 *                                                             *
 * Ansys, Inc. is a UL registered                              *
 * ISO 9001:2015 company.                                      *
 *                                                             *
 ***************************************************************
 *                                                             *
 * This product is subject to U.S. laws governing export and   *
 * re-export.                                                  *
 *                                                             *
 * For U.S. Government users, except as specifically granted   *
 * by the Ansys, Inc. software license agreement, the use,     *
 * duplication, or disclosure by the United States Government  *
 * is subject to restrictions stated in the Ansys, Inc.        *
 * software license agreement and FAR 12.212 (for non-DOD      *
 * licenses).                                                  *
 *                                                             *
 ***************************************************************



 *------------------------------------------------------------------*
 |                    Ansys Product Improvement                     |
 |                                                                  |
 |   Ansys Product Improvement Program helps improve Ansys          |
 |   products. Participating in this program is like filling out a  |
 |   survey. Without interrupting your work, the software reports   |
 |   anonymous usage information such as errors, machine and        |
 |   solver statistics, features used, etc. to Ansys. We never      |
 |   use the data to identify or contact you.                       |
 |   The data does NOT contain:                                     |
 |   - Any personally identifiable information including names,     |
 |     IP addresses, file names, part names, etc.                   |
 |   - Any information about your geometry or design specific       |
 |     inputs.                                                      |
 |   You can stop participation at any time. To change your         |
 |   selection go to Help >> Ansys Product Improvement Program      |
 |   in the GUI.                                                    |
 |   For more information about the Ansys Privacy Policy, please    |
 |   check: http://www.ansys.com/privacy                            |
 |                                                                  |
 *------------------------------------------------------------------*


 2025 R1 
     
 Point Releases and Patches installed:   
     
 Ansys Dynamic Reporting 2025 R1 
 BladeModeler 2025 R1
 CFD-Post only 2025 R1   
 CFX (includes CFD-Post) 2025 R1 
 Chemkin 2025 R1 
 FENSAP-ICE 2025 R1  
 Fluent (includes CFD-Post) 2025 R1  
 Polyflow (includes CFD-Post) 2025 R1
 Forte (includes EnSight) 2025 R1
 TurboGrid 2025 R1   
 Electromagnetics Suite 2025 R1  
 Electromagnetics RSM 2025 R1
 EnSight 2025 R1 
 ICEM CFD 2025 R1
 Optics Launcher 2025 R1 
 Speos 2025 R1   
 SpaceClaim 2025 R1  
 Speos RPC 2025 R1   
 Speos Libraries 2025 R1 
 Ansys, Inc. License Manager 2025 R1 
 Viewer 2025 R1  
 Discovery (reduced install) 2025 R1 
 Core WB Files 2025 R1   
 ACIS Geometry Interface 2025 R1 
 AutoCAD Geometry Interface 2025 R1  
 Catia, Version 4 Geometry Interface 2025 R1 
 Catia, Version 5 Geometry Interface 2025 R1 
 Catia, Version 6 Geometry Interface 2025 R1 
 Creo Elements/Direct Modeling Geometry Interface 2025 R1
 Creo Parametric Geometry Interface 2025 R1  
 Inventor Geometry Interface 2025 R1 
 JTOpen Geometry Interface 2025 R1   
 NX Geometry Interface 2025 R1   
 Parasolid Geometry Interface  2025 R1   
 Solid Edge Geometry Interface 2025 R1   
 SOLIDWORKS Geometry Interface 2025 R1   
 Remote Solve Manager Standalone Services 2025 R1
 Additive 2025 R1
 Aqwa 2025 R1
 Autodyn 2025 R1 
 Customization Files for User Programmable Features 2025 R1  
 LS-DYNA 2025 R1 
 Material Calibration App 2025 R1
 Material Designer 2025 R1   
 Mechanical Products 2025 R1 
 Motion 2025 R1  
 Sherlock 2025 R1
 Sound - SAS 2025 R1 


          *****  MAPDL COMMAND LINE ARGUMENTS  *****
  INITIAL JOBNAME              = wingwithsweepandtaper                                                                                                                                                                                                                                   
  DISTRIBUTED MEMORY PARALLEL REQUESTED
       4 PARALLEL PROCESSES REQUESTED WITH SINGLE THREAD PER PROCESS
    TOTAL OF     4 CORES REQUESTED
  MPI OPTION                   = INTELMPI
  START-UP FILE MODE           = NOREAD
  STOP FILE MODE               = NOREAD
  MODEL FILE NAME              = I:\Senior Design 2\wingwithsweepandtaper.db                                                                                                                                                                                                                         
  GRAPHICS DEVICE REQUESTED    = win32   
  GRAPHICAL ENTRY              = YES   
  LANGUAGE                     = en-us               
  INITIAL DIRECTORY = I:\Senior Design 2

 RELEASE= 2025 R1              BUILD= 25.1      UP20241202   VERSION=WINDOWS x64 
 CURRENT JOBNAME=wingwithsweepandtaper1  15:59:38  APR 13, 2026 CP=      0.078


 RESUME ANSYS DATA FROM FILE NAME=I:\Senior Design 2\wingwithsweepandtaper.db                                                                                                                                                                                                                         

 *** ERROR ***                           CP =       0.141   TIME= 15:59:38
 Data file I:\Senior Design 2\wingwithsweepandtaper.db has incorrect     
 format, is missing READ/WRITE permission, or is empty for RESUME.       
